responsive-contract	Run npm test	﻿2026-09-06T17:49:37.0044103Z ##[group]Run npm test
responsive-contract	Run npm test	2026-09-06T17:49:37.0044396Z ^[[36;1mnpm test^[[0m
responsive-contract	Run npm test	2026-09-06T17:49:37.0044744Z shell: sh -e {0}
responsive-contract	Run npm test	2026-09-06T17:49:37.0044958Z ##[endgroup]
responsive-contract	Run npm test	2026-09-06T17:49:37.1778025Z 
responsive-contract	Run npm test	2026-09-06T17:49:37.1778995Z > lab-journal@0.1.0 test
responsive-contract	Run npm test	2026-09-06T17:49:37.1780127Z > npm run validate:distribution && npm run validate:journal && npm run test:integrity && playwright test
responsive-contract	Run npm test	2026-09-06T17:49:37.1780813Z 
responsive-contract	Run npm test	2026-09-06T17:49:37.2849696Z 
responsive-contract	Run npm test	2026-09-06T17:49:37.2850388Z > lab-journal@0.1.0 validate:distribution
responsive-contract	Run npm test	2026-09-06T17:49:37.2850884Z > node scripts/check-distribution.mjs
responsive-contract	Run npm test	2026-09-06T17:49:37.2851134Z 
responsive-contract	Run npm test	2026-09-06T17:49:37.3485284Z Distribution validation passed: 24 static starter files, zero live entries, no authoring toolchain.
responsive-contract	Run npm test	2026-09-06T17:49:37.4580635Z 
responsive-contract	Run npm test	2026-09-06T17:49:37.4581529Z > lab-journal@0.1.0 validate:journal
responsive-contract	Run npm test	2026-09-06T17:49:37.4582238Z > node scripts/validate-lab-journal.mjs
responsive-contract	Run npm test	2026-09-06T17:49:37.4582578Z 
responsive-contract	Run npm test	2026-09-06T17:49:37.5708676Z Lab journal validation passed: 14 live record, 3 entry/example plates, all indexes and offline dependencies intact.
responsive-contract	Run npm test	2026-09-06T17:49:37.6789722Z 
responsive-contract	Run npm test	2026-09-06T17:49:37.6790633Z > lab-journal@0.1.0 test:integrity
responsive-contract	Run npm test	2026-09-06T17:49:37.6791407Z > node --test scripts/record-integrity.test.mjs
responsive-contract	Run npm test	2026-09-06T17:49:37.6791791Z 
responsive-contract	Run npm test	2026-09-06T17:49:37.7713688Z ✔ current full reference has complete identity; a removed operator fails (6.665594ms)
responsive-contract	Run npm test	2026-09-06T17:49:37.7715727Z ✔ archive rejects duplicate stable IDs, incorrect counts and missing rows (0.886108ms)
responsive-contract	Run npm test	2026-09-06T17:49:37.7716668Z ✔ fragments ignore fenced demonstrations and distinguish duplicate explicit IDs (1.24701ms)
responsive-contract	Run npm test	2026-09-06T17:49:38.2415389Z ✔ validator rejects broken fragment links and rewritten signed history in an isolated copy (471.386571ms)
responsive-contract	Run npm test	2026-09-06T17:49:38.2519279Z ℹ tests 4
responsive-contract	Run npm test	2026-09-06T17:49:38.2519754Z ℹ suites 0
responsive-contract	Run npm test	2026-09-06T17:49:38.2519996Z ℹ pass 4
responsive-contract	Run npm test	2026-09-06T17:49:38.2520222Z ℹ fail 0
responsive-contract	Run npm test	2026-09-06T17:49:38.2520514Z ℹ cancelled 0
responsive-contract	Run npm test	2026-09-06T17:49:38.2520764Z ℹ skipped 0
responsive-contract	Run npm test	2026-09-06T17:49:38.2520990Z ℹ todo 0
responsive-contract	Run npm test	2026-09-06T17:49:38.2521303Z ℹ duration_ms 538.154091
responsive-contract	Run npm test	2026-09-06T17:49:39.1652275Z 
responsive-contract	Run npm test	2026-09-06T17:49:39.1653154Z Running 158 tests using 2 workers
responsive-contract	Run npm test	2026-09-06T17:49:39.1653538Z 
responsive-contract	Run npm test	2026-09-06T17:49:39.6511181Z [1/158] [firefox] › tests/print-control.spec.mjs:10:3 › /lab-journal/PLATE-TEMPLATE.html: print requests once, explains fallback and restores focus
responsive-contract	Run npm test	2026-09-06T17:49:39.6859643Z [2/158] [firefox] › tests/print-control.spec.mjs:10:3 › /lab-journal/journal-2026-08-29-beautify-all-the-journals.html: print requests once, explains fallback and restores focus
responsive-contract	Run npm test	2026-09-06T17:49:42.5534301Z [3/158] [firefox] › tests/print-control.spec.mjs:10:3 › /lab-journal/examples/2026-08-30-reply-before-close.html: print requests once, explains fallback and restores focus
responsive-contract	Run npm test	2026-09-06T17:49:43.2751611Z [4/158] [firefox] › tests/print-control.spec.mjs:10:3 › /lab-journal/examples/2026-09-04-timeout-was-witness.html: print requests once, explains fallback and restores focus
responsive-contract	Run npm test	2026-09-06T17:49:43.7153587Z [5/158] [firefox] › tests/print-control.spec.mjs:10:3 › /docs/reviews/cambrian/journal-2026-04-04b.html: print requests once, explains fallback and restores focus
responsive-contract	Run npm test	2026-09-06T17:49:44.3042653Z [6/158] [firefox] › tests/print-control.spec.mjs:10:3 › /docs/reviews/cambrian/journal-2026-04-01c.html: print requests once, explains fallback and restores focus
responsive-contract	Run npm test	2026-09-06T17:49:44.8352464Z [7/158] [firefox] › tests/print-control.spec.mjs:35:1 › missing or rejected native printing retains accessible instructions
responsive-contract	Run npm test	2026-09-06T17:49:45.4039702Z [8/158] [firefox] › tests/print-control.spec.mjs:44:1 › Chromium native print request reaches the print lifecycle
responsive-contract	Run npm test	2026-09-06T17:49:45.8182265Z [9/158] [firefox] › tests/print-control.spec.mjs:55:1 › sample saved-PDF links return actual PDF files
responsive-contract	Run npm test	2026-09-06T17:49:46.7657827Z [10/158] [firefox] › tests/reader-tasks.spec.mjs:11:3 › /lab-journal/examples/2026-08-30-reply-before-close.html: every contents link works from every lens
responsive-contract	Run npm test	2026-09-06T17:49:46.9737219Z [11/158] [firefox] › tests/reader-tasks.spec.mjs:11:3 › /lab-journal/examples/2026-09-04-timeout-was-witness.html: every contents link works from every lens
responsive-contract	Run npm test	2026-09-06T17:49:50.8653823Z [12/158] [firefox] › tests/reader-tasks.spec.mjs:11:3 › /lab-journal/PLATE-TEMPLATE.html: every contents link works from every lens
responsive-contract	Run npm test	2026-09-06T17:49:51.6189885Z [13/158] [firefox] › tests/reader-tasks.spec.mjs:28:1 › stable references reveal observations, and correction notices survive every lens
responsive-contract	Run npm test	2026-09-06T17:49:53.0517383Z [14/158] [firefox] › tests/reader-tasks.spec.mjs:43:1 › author and multi-term searches find real records; print restores the archive
responsive-contract	Run npm test	2026-09-06T17:49:53.7762501Z [15/158] [firefox] › tests/reader-tasks.spec.mjs:63:1 › research lenses lead to live ledgers, not specimens
responsive-contract	Run npm test	2026-09-06T17:49:54.7334184Z [16/158] [firefox] › tests/reader-tasks.spec.mjs:73:1 › direct-file links and browser history reveal targets
responsive-contract	Run npm test	2026-09-06T17:49:56.1719091Z [17/158] [firefox] › tests/reader-tasks.spec.mjs:86:3 › /lab-journal/examples/2026-08-30-reply-before-close.html: published fragment links resolve uniquely
responsive-contract	Run npm test	2026-09-06T17:49:56.7463241Z [18/158] [firefox] › tests/reader-tasks.spec.mjs:86:3 › /lab-journal/examples/2026-09-04-timeout-was-witness.html: published fragment links resolve uniquely
responsive-contract	Run npm test	2026-09-06T17:49:56.9501263Z [19/158] [firefox] › tests/reader-tasks.spec.mjs:86:3 › /lab-journal/PLATE-TEMPLATE.html: published fragment links resolve uniquely
responsive-contract	Run npm test	2026-09-06T17:49:57.3096328Z [20/158] [firefox] › tests/reader-tasks.spec.mjs:99:3 › /lab-journal/examples/2026-08-30-reply-before-close.html: evidence labels remain readable across phone, desktop and print
responsive-contract	Run npm test	2026-09-06T17:49:57.6097139Z [21/158] [firefox] › tests/reader-tasks.spec.mjs:99:3 › /lab-journal/examples/2026-09-04-timeout-was-witness.html: evidence labels remain readable across phone, desktop and print
responsive-contract	Run npm test	2026-09-06T17:49:58.2791670Z [22/158] [firefox] › tests/reader-tasks.spec.mjs:130:1 › long identity, raw evidence and artifact paths stay readable on a phone
responsive-contract	Run npm test	2026-09-06T17:49:58.5682569Z [23/158] [firefox] › tests/reader-tasks.spec.mjs:147:1 › examples remain complete offline without JavaScript
responsive-contract	Run npm test	2026-09-06T17:49:59.4077469Z [24/158] [firefox] › tests/reader-tasks.spec.mjs:163:1 › aggregate fixtures account for every declared narrative group
responsive-contract	Run npm test	2026-09-06T17:50:00.0625390Z [25/158] [firefox] › tests/real-content.spec.mjs:13:3 › journal-2026-04-03d: real source remains readable, contained and complete offline
responsive-contract	Run npm test	2026-09-06T17:50:00.0830053Z [26/158] [firefox] › tests/real-content.spec.mjs:13:3 › journal-2026-04-04b: real source remains readable, contained and complete offline
responsive-contract	Run npm test	2026-09-06T17:50:01.1211074Z [27/158] [firefox] › tests/real-content.spec.mjs:13:3 › journal-2026-04-01c: real source remains readable, contained and complete offline
responsive-contract	Run npm test	2026-09-06T17:50:02.4387374Z [28/158] [webkit] › tests/print-control.spec.mjs:10:3 › /lab-journal/PLATE-TEMPLATE.html: print requests once, explains fallback and restores focus
responsive-contract	Run npm test	2026-09-06T17:50:03.7268106Z [29/158] [webkit] › tests/print-control.spec.mjs:10:3 › /lab-journal/journal-2026-08-29-beautify-all-the-journals.html: print requests once, explains fallback and restores focus
responsive-contract	Run npm test	2026-09-06T17:50:06.0780872Z [30/158] [webkit] › tests/print-control.spec.mjs:10:3 › /lab-journal/examples/2026-08-30-reply-before-close.html: print requests once, explains fallback and restores focus
responsive-contract	Run npm test	2026-09-06T17:50:06.1341361Z [31/158] [webkit] › tests/print-control.spec.mjs:10:3 › /lab-journal/examples/2026-09-04-timeout-was-witness.html: print requests once, explains fallback and restores focus
responsive-contract	Run npm test	2026-09-06T17:50:07.6419959Z [32/158] [webkit] › tests/print-control.spec.mjs:10:3 › /docs/reviews/cambrian/journal-2026-04-04b.html: print requests once, explains fallback and restores focus
responsive-contract	Run npm test	2026-09-06T17:50:07.6737732Z [33/158] [webkit] › tests/print-control.spec.mjs:10:3 › /docs/reviews/cambrian/journal-2026-04-01c.html: print requests once, explains fallback and restores focus
responsive-contract	Run npm test	2026-09-06T17:50:09.1385559Z [34/158] [webkit] › tests/print-control.spec.mjs:35:1 › missing or rejected native printing retains accessible instructions
responsive-contract	Run npm test	2026-09-06T17:50:09.1504814Z [35/158] [webkit] › tests/print-control.spec.mjs:44:1 › Chromium native print request reaches the print lifecycle
responsive-contract	Run npm test	2026-09-06T17:50:09.7993807Z [36/158] [webkit] › tests/print-control.spec.mjs:55:1 › sample saved-PDF links return actual PDF files
responsive-contract	Run npm test	2026-09-06T17:50:11.3231424Z [37/158] [webkit] › tests/reader-tasks.spec.mjs:11:3 › /lab-journal/examples/2026-08-30-reply-before-close.html: every contents link works from every lens
responsive-contract	Run npm test	2026-09-06T17:50:12.2251990Z [38/158] [webkit] › tests/reader-tasks.spec.mjs:11:3 › /lab-journal/examples/2026-09-04-timeout-was-witness.html: every contents link works from every lens
responsive-contract	Run npm test	2026-09-06T17:50:23.3623203Z [39/158] [webkit] › tests/reader-tasks.spec.mjs:11:3 › /lab-journal/PLATE-TEMPLATE.html: every contents link works from every lens
responsive-contract	Run npm test	2026-09-06T17:50:24.0964417Z [40/158] [webkit] › tests/reader-tasks.spec.mjs:28:1 › stable references reveal observations, and correction notices survive every lens
responsive-contract	Run npm test	2026-09-06T17:50:27.7863531Z [41/158] [webkit] › tests/reader-tasks.spec.mjs:43:1 › author and multi-term searches find real records; print restores the archive
responsive-contract	Run npm test	2026-09-06T17:50:29.0836858Z [42/158] [webkit] › tests/reader-tasks.spec.mjs:63:1 › research lenses lead to live ledgers, not specimens
responsive-contract	Run npm test	2026-09-06T17:50:32.5144864Z [43/158] [webkit] › tests/reader-tasks.spec.mjs:73:1 › direct-file links and browser history reveal targets
responsive-contract	Run npm test	2026-09-06T17:50:35.1859980Z [44/158] [webkit] › tests/reader-tasks.spec.mjs:86:3 › /lab-journal/examples/2026-08-30-reply-before-close.html: published fragment links resolve uniquely
responsive-contract	Run npm test	2026-09-06T17:50:36.3242252Z [45/158] [webkit] › tests/reader-tasks.spec.mjs:86:3 › /lab-journal/examples/2026-09-04-timeout-was-witness.html: published fragment links resolve uniquely
responsive-contract	Run npm test	2026-09-06T17:50:37.3355878Z [46/158] [webkit] › tests/reader-tasks.spec.mjs:86:3 › /lab-journal/PLATE-TEMPLATE.html: published fragment links resolve uniquely
responsive-contract	Run npm test	2026-09-06T17:50:37.3875112Z [47/158] [webkit] › tests/reader-tasks.spec.mjs:99:3 › /lab-journal/examples/2026-08-30-reply-before-close.html: evidence labels remain readable across phone, desktop and print
responsive-contract	Run npm test	2026-09-06T17:50:38.3231727Z [48/158] [webkit] › tests/reader-tasks.spec.mjs:99:3 › /lab-journal/examples/2026-09-04-timeout-was-witness.html: evidence labels remain readable across phone, desktop and print
responsive-contract	Run npm test	2026-09-06T17:50:39.3386123Z [49/158] [webkit] › tests/reader-tasks.spec.mjs:130:1 › long identity, raw evidence and artifact paths stay readable on a phone
responsive-contract	Run npm test	2026-09-06T17:50:40.2934029Z [50/158] [webkit] › tests/reader-tasks.spec.mjs:147:1 › examples remain complete offline without JavaScript
responsive-contract	Run npm test	2026-09-06T17:50:40.3243759Z [51/158] [webkit] › tests/reader-tasks.spec.mjs:163:1 › aggregate fixtures account for every declared narrative group
responsive-contract	Run npm test	2026-09-06T17:50:41.4679344Z [52/158] [webkit] › tests/real-content.spec.mjs:13:3 › journal-2026-04-03d: real source remains readable, contained and complete offline
responsive-contract	Run npm test	2026-09-06T17:50:41.6899292Z [53/158] [webkit] › tests/real-content.spec.mjs:13:3 › journal-2026-04-04b: real source remains readable, contained and complete offline
responsive-contract	Run npm test	2026-09-06T17:50:42.3777545Z [54/158] [webkit] › tests/real-content.spec.mjs:13:3 › journal-2026-04-01c: real source remains readable, contained and complete offline
responsive-contract	Run npm test	2026-09-06T17:50:44.2440122Z [55/158] [chromium] › tests/accessibility.spec.mjs:26:5 › archive has no automated WCAG A/AA violations at mobile
responsive-contract	Run npm test	2026-09-06T17:50:45.1280871Z [56/158] [chromium] › tests/accessibility.spec.mjs:26:5 › archive has no automated WCAG A/AA violations at desktop
responsive-contract	Run npm test	2026-09-06T17:50:45.9744389Z [57/158] [chromium] › tests/accessibility.spec.mjs:26:5 › clean starter archive has no automated WCAG A/AA violations at mobile
responsive-contract	Run npm test	2026-09-06T17:50:46.8335048Z [58/158] [chromium] › tests/accessibility.spec.mjs:26:5 › clean starter archive has no automated WCAG A/AA violations at desktop
responsive-contract	Run npm test	2026-09-06T17:50:46.9357703Z [59/158] [chromium] › tests/accessibility.spec.mjs:26:5 › template has no automated WCAG A/AA violations at mobile
responsive-contract	Run npm test	2026-09-06T17:50:47.7891346Z [60/158] [chromium] › tests/accessibility.spec.mjs:26:5 › template has no automated WCAG A/AA violations at desktop
responsive-contract	Run npm test	2026-09-06T17:50:48.2589854Z [61/158] [chromium] › tests/accessibility.spec.mjs:26:5 › live has no automated WCAG A/AA violations at mobile
responsive-contract	Run npm test	2026-09-06T17:50:49.1828428Z [62/158] [chromium] › tests/accessibility.spec.mjs:26:5 › live has no automated WCAG A/AA violations at desktop
responsive-contract	Run npm test	2026-09-06T17:50:49.7142458Z [63/158] [chromium] › tests/accessibility.spec.mjs:26:5 › experiment has no automated WCAG A/AA violations at mobile
responsive-contract	Run npm test	2026-09-06T17:50:50.5887416Z [64/158] [chromium] › tests/accessibility.spec.mjs:26:5 › experiment has no automated WCAG A/AA violations at desktop
responsive-contract	Run npm test	2026-09-06T17:50:51.2777104Z [65/158] [chromium] › tests/accessibility.spec.mjs:26:5 › correction has no automated WCAG A/AA violations at mobile
responsive-contract	Run npm test	2026-09-06T17:50:52.1621240Z [66/158] [chromium] › tests/accessibility.spec.mjs:26:5 › correction has no automated WCAG A/AA violations at desktop
responsive-contract	Run npm test	2026-09-06T17:50:52.6951323Z [67/158] [chromium] › tests/accessibility.spec.mjs:26:5 › Cambrian campaign has no automated WCAG A/AA violations at mobile
responsive-contract	Run npm test	2026-09-06T17:50:53.6443812Z [68/158] [chromium] › tests/accessibility.spec.mjs:26:5 › Cambrian campaign has no automated WCAG A/AA violations at desktop
responsive-contract	Run npm test	2026-09-06T17:50:54.2382876Z [69/158] [chromium] › tests/accessibility.spec.mjs:26:5 › Cambrian diagnosis has no automated WCAG A/AA violations at mobile
responsive-contract	Run npm test	2026-09-06T17:50:55.2055579Z [70/158] [chromium] › tests/accessibility.spec.mjs:26:5 › Cambrian diagnosis has no automated WCAG A/AA violations at desktop
responsive-contract	Run npm test	2026-09-06T17:50:55.8887465Z [71/158] [chromium] › tests/accessibility.spec.mjs:26:5 › Cambrian routine has no automated WCAG A/AA violations at mobile
responsive-contract	Run npm test	2026-09-06T17:50:56.7610605Z [72/158] [chromium] › tests/accessibility.spec.mjs:26:5 › Cambrian routine has no automated WCAG A/AA violations at desktop
responsive-contract	Run npm test	2026-09-06T17:50:56.9810448Z [73/158] [chromium] › tests/distribution-browser.spec.mjs:11:3 › clean starter archive is usable at 320px
responsive-contract	Run npm test	2026-09-06T17:50:57.1928422Z [74/158] [chromium] › tests/distribution-browser.spec.mjs:11:3 › clean starter archive is usable at 1440px
responsive-contract	Run npm test	2026-09-06T17:50:57.4742533Z [75/158] [chromium] › tests/distribution-browser.spec.mjs:26:1 › clean starter opens directly from disk with local assets
responsive-contract	Run npm test	2026-09-06T17:50:57.6967234Z [76/158] [chromium] › tests/interactions.spec.mjs:7:1 › archive search filters the catalog
responsive-contract	Run npm test	2026-09-06T17:50:57.7767274Z [77/158] [chromium] › tests/interactions.spec.mjs:17:3 › archive mobile focus follows visual reading order
responsive-contract	Run npm test	2026-09-06T17:50:58.0049540Z [78/158] [chromium] › tests/interactions.spec.mjs:17:3 › clean starter archive mobile focus follows visual reading order
responsive-contract	Run npm test	2026-09-06T17:50:58.0907747Z [79/158] [chromium] › tests/interactions.spec.mjs:37:1 › every reading lens exposes only its declared layers
responsive-contract	Run npm test	2026-09-06T17:50:58.2620941Z [80/158] [chromium] › tests/interactions.spec.mjs:63:1 › mobile evidence jump lands on the bench record
responsive-contract	Run npm test	2026-09-06T17:50:58.5727547Z [81/158] [chromium] › tests/interactions.spec.mjs:74:1 › wide evidence table is keyboard-focusable and scrollable
responsive-contract	Run npm test	2026-09-06T17:50:58.6077747Z [82/158] [chromium] › tests/interactions.spec.mjs:83:1 › published pages request local resources only
responsive-contract	Run npm test	2026-09-06T17:50:58.8909355Z [83/158] [chromium] › tests/interactions.spec.mjs:91:1 › record remains complete when JavaScript is disabled
responsive-contract	Run npm test	2026-09-06T17:50:58.9565035Z [84/158] [chromium] › tests/print-control.spec.mjs:10:3 › /lab-journal/PLATE-TEMPLATE.html: print requests once, explains fallback and restores focus
responsive-contract	Run npm test	2026-09-06T17:50:59.1560586Z [85/158] [chromium] › tests/print-control.spec.mjs:10:3 › /lab-journal/journal-2026-08-29-beautify-all-the-journals.html: print requests once, explains fallback and restores focus
responsive-contract	Run npm test	2026-09-06T17:50:59.4572924Z [86/158] [chromium] › tests/print-control.spec.mjs:10:3 › /lab-journal/examples/2026-08-30-reply-before-close.html: print requests once, explains fallback and restores focus
responsive-contract	Run npm test	2026-09-06T17:50:59.6739643Z [87/158] [chromium] › tests/print-control.spec.mjs:10:3 › /lab-journal/examples/2026-09-04-timeout-was-witness.html: print requests once, explains fallback and restores focus
responsive-contract	Run npm test	2026-09-06T17:50:59.9781205Z [88/158] [chromium] › tests/print-control.spec.mjs:10:3 › /docs/reviews/cambrian/journal-2026-04-04b.html: print requests once, explains fallback and restores focus
responsive-contract	Run npm test	2026-09-06T17:51:00.1877100Z [89/158] [chromium] › tests/print-control.spec.mjs:10:3 › /docs/reviews/cambrian/journal-2026-04-01c.html: print requests once, explains fallback and restores focus
responsive-contract	Run npm test	2026-09-06T17:51:00.5431761Z [90/158] [chromium] › tests/print-control.spec.mjs:35:1 › missing or rejected native printing retains accessible instructions
responsive-contract	Run npm test	2026-09-06T17:51:00.7709632Z [91/158] [chromium] › tests/print-control.spec.mjs:44:1 › Chromium native print request reaches the print lifecycle
responsive-contract	Run npm test	2026-09-06T17:51:01.0700032Z [92/158] [chromium] › tests/print-control.spec.mjs:55:1 › sample saved-PDF links return actual PDF files
responsive-contract	Run npm test	2026-09-06T17:51:01.5704858Z [93/158] [chromium] › tests/reader-tasks.spec.mjs:11:3 › /lab-journal/examples/2026-08-30-reply-before-close.html: every contents link works from every lens
responsive-contract	Run npm test	2026-09-06T17:51:01.9063741Z [94/158] [chromium] › tests/reader-tasks.spec.mjs:11:3 › /lab-journal/examples/2026-09-04-timeout-was-witness.html: every contents link works from every lens
responsive-contract	Run npm test	2026-09-06T17:51:04.6076536Z [95/158] [chromium] › tests/reader-tasks.spec.mjs:11:3 › /lab-journal/PLATE-TEMPLATE.html: every contents link works from every lens
responsive-contract	Run npm test	2026-09-06T17:51:04.6101959Z [96/158] [chromium] › tests/reader-tasks.spec.mjs:28:1 › stable references reveal observations, and correction notices survive every lens
responsive-contract	Run npm test	2026-09-06T17:51:05.3512558Z [97/158] [chromium] › tests/reader-tasks.spec.mjs:43:1 › author and multi-term searches find real records; print restores the archive
responsive-contract	Run npm test	2026-09-06T17:51:05.7726194Z [98/158] [chromium] › tests/reader-tasks.spec.mjs:63:1 › research lenses lead to live ledgers, not specimens
responsive-contract	Run npm test	2026-09-06T17:51:06.2535133Z [99/158] [chromium] › tests/reader-tasks.spec.mjs:73:1 › direct-file links and browser history reveal targets
responsive-contract	Run npm test	2026-09-06T17:51:06.7499881Z [100/158] [chromium] › tests/reader-tasks.spec.mjs:86:3 › /lab-journal/examples/2026-08-30-reply-before-close.html: published fragment links resolve uniquely
responsive-contract	Run npm test	2026-09-06T17:51:06.9788090Z [101/158] [chromium] › tests/reader-tasks.spec.mjs:86:3 › /lab-journal/examples/2026-09-04-timeout-was-witness.html: published fragment links resolve uniquely
responsive-contract	Run npm test	2026-09-06T17:51:07.2243148Z [102/158] [chromium] › tests/reader-tasks.spec.mjs:86:3 › /lab-journal/PLATE-TEMPLATE.html: published fragment links resolve uniquely
responsive-contract	Run npm test	2026-09-06T17:51:07.4524608Z [103/158] [chromium] › tests/reader-tasks.spec.mjs:99:3 › /lab-journal/examples/2026-08-30-reply-before-close.html: evidence labels remain readable across phone, desktop and print
responsive-contract	Run npm test	2026-09-06T17:51:08.0047623Z [104/158] [chromium] › tests/reader-tasks.spec.mjs:99:3 › /lab-journal/examples/2026-09-04-timeout-was-witness.html: evidence labels remain readable across phone, desktop and print
responsive-contract	Run npm test	2026-09-06T17:51:08.4745448Z [105/158] [chromium] › tests/reader-tasks.spec.mjs:130:1 › long identity, raw evidence and artifact paths stay readable on a phone
responsive-contract	Run npm test	2026-09-06T17:51:08.5264965Z [106/158] [chromium] › tests/reader-tasks.spec.mjs:147:1 › examples remain complete offline without JavaScript
responsive-contract	Run npm test	2026-09-06T17:51:08.8181218Z [107/158] [chromium] › tests/reader-tasks.spec.mjs:163:1 › aggregate fixtures account for every declared narrative group
responsive-contract	Run npm test	2026-09-06T17:51:08.9580242Z [108/158] [chromium] › tests/real-content.spec.mjs:13:3 › journal-2026-04-03d: real source remains readable, contained and complete offline
responsive-contract	Run npm test	2026-09-06T17:51:09.2862043Z [109/158] [chromium] › tests/real-content.spec.mjs:13:3 › journal-2026-04-04b: real source remains readable, contained and complete offline
responsive-contract	Run npm test	2026-09-06T17:51:09.3432225Z [110/158] [chromium] › tests/real-content.spec.mjs:13:3 › journal-2026-04-01c: real source remains readable, contained and complete offline
responsive-contract	Run npm test	2026-09-06T17:51:09.9512456Z [111/158] [chromium] › tests/responsive.spec.mjs:67:5 › archive satisfies portrait contract at 320x700
responsive-contract	Run npm test	2026-09-06T17:51:10.2202830Z [112/158] [chromium] › tests/responsive.spec.mjs:67:5 › archive satisfies portrait contract at 360x700
responsive-contract	Run npm test	2026-09-06T17:51:10.3161033Z [113/158] [chromium] › tests/responsive.spec.mjs:67:5 › archive satisfies portrait contract at 375x700
responsive-contract	Run npm test	2026-09-06T17:51:10.4600278Z [114/158] [chromium] › tests/responsive.spec.mjs:67:5 › archive satisfies portrait contract at 390x700
responsive-contract	Run npm test	2026-09-06T17:51:10.6060661Z [115/158] [chromium] › tests/responsive.spec.mjs:67:5 › archive satisfies portrait contract at 430x700
responsive-contract	Run npm test	2026-09-06T17:51:10.7405913Z [116/158] [chromium] › tests/responsive.spec.mjs:67:5 › template satisfies portrait contract at 320x700
responsive-contract	Run npm test	2026-09-06T17:51:10.8596707Z [117/158] [chromium] › tests/responsive.spec.mjs:67:5 › template satisfies portrait contract at 360x700
responsive-contract	Run npm test	2026-09-06T17:51:11.0117275Z [118/158] [chromium] › tests/responsive.spec.mjs:67:5 › template satisfies portrait contract at 375x700
responsive-contract	Run npm test	2026-09-06T17:51:11.1212789Z [119/158] [chromium] › tests/responsive.spec.mjs:67:5 › template satisfies portrait contract at 390x700
responsive-contract	Run npm test	2026-09-06T17:51:11.2555073Z [120/158] [chromium] › tests/responsive.spec.mjs:67:5 › template satisfies portrait contract at 430x700
responsive-contract	Run npm test	2026-09-06T17:51:11.3860569Z [121/158] [chromium] › tests/responsive.spec.mjs:67:5 › live satisfies portrait contract at 320x700
responsive-contract	Run npm test	2026-09-06T17:51:11.5260927Z [122/158] [chromium] › tests/responsive.spec.mjs:67:5 › live satisfies portrait contract at 360x700
responsive-contract	Run npm test	2026-09-06T17:51:11.6546082Z [123/158] [chromium] › tests/responsive.spec.mjs:67:5 › live satisfies portrait contract at 375x700
responsive-contract	Run npm test	2026-09-06T17:51:11.7888101Z [124/158] [chromium] › tests/responsive.spec.mjs:67:5 › live satisfies portrait contract at 390x700
responsive-contract	Run npm test	2026-09-06T17:51:11.9386692Z [125/158] [chromium] › tests/responsive.spec.mjs:67:5 › live satisfies portrait contract at 430x700
responsive-contract	Run npm test	2026-09-06T17:51:12.0724290Z [126/158] [chromium] › tests/responsive.spec.mjs:67:5 › experiment satisfies portrait contract at 320x700
responsive-contract	Run npm test	2026-09-06T17:51:12.2230391Z [127/158] [chromium] › tests/responsive.spec.mjs:67:5 › experiment satisfies portrait contract at 360x700
responsive-contract	Run npm test	2026-09-06T17:51:12.3549047Z [128/158] [chromium] › tests/responsive.spec.mjs:67:5 › experiment satisfies portrait contract at 375x700
responsive-contract	Run npm test	2026-09-06T17:51:12.5069606Z [129/158] [chromium] › tests/responsive.spec.mjs:67:5 › experiment satisfies portrait contract at 390x700
responsive-contract	Run npm test	2026-09-06T17:51:12.6409439Z [130/158] [chromium] › tests/responsive.spec.mjs:67:5 › experiment satisfies portrait contract at 430x700
responsive-contract	Run npm test	2026-09-06T17:51:12.8059284Z [131/158] [chromium] › tests/responsive.spec.mjs:67:5 › correction satisfies portrait contract at 320x700
responsive-contract	Run npm test	2026-09-06T17:51:12.9270859Z [132/158] [chromium] › tests/responsive.spec.mjs:67:5 › correction satisfies portrait contract at 360x700
responsive-contract	Run npm test	2026-09-06T17:51:13.0781700Z [133/158] [chromium] › tests/responsive.spec.mjs:67:5 › correction satisfies portrait contract at 375x700
responsive-contract	Run npm test	2026-09-06T17:51:13.2162456Z [134/158] [chromium] › tests/responsive.spec.mjs:67:5 › correction satisfies portrait contract at 390x700
responsive-contract	Run npm test	2026-09-06T17:51:13.3815471Z [135/158] [chromium] › tests/responsive.spec.mjs:67:5 › correction satisfies portrait contract at 430x700
responsive-contract	Run npm test	2026-09-06T17:51:13.4837638Z [136/158] [chromium] › tests/responsive.spec.mjs:100:5 › archive fits landscape viewport 667x375
responsive-contract	Run npm test	2026-09-06T17:51:13.7073906Z [137/158] [chromium] › tests/responsive.spec.mjs:100:5 › archive fits landscape viewport 844x390
responsive-contract	Run npm test	2026-09-06T17:51:13.7487638Z [138/158] [chromium] › tests/responsive.spec.mjs:100:5 › template fits landscape viewport 667x375
responsive-contract	Run npm test	2026-09-06T17:51:13.9622642Z [139/158] [chromium] › tests/responsive.spec.mjs:100:5 › template fits landscape viewport 844x390
responsive-contract	Run npm test	2026-09-06T17:51:14.0158083Z [140/158] [chromium] › tests/responsive.spec.mjs:100:5 › live fits landscape viewport 667x375
responsive-contract	Run npm test	2026-09-06T17:51:14.2268874Z [141/158] [chromium] › tests/responsive.spec.mjs:100:5 › live fits landscape viewport 844x390
responsive-contract	Run npm test	2026-09-06T17:51:14.2917843Z [142/158] [chromium] › tests/responsive.spec.mjs:100:5 › experiment fits landscape viewport 667x375
responsive-contract	Run npm test	2026-09-06T17:51:14.5099707Z [143/158] [chromium] › tests/responsive.spec.mjs:100:5 › experiment fits landscape viewport 844x390
responsive-contract	Run npm test	2026-09-06T17:51:14.5966769Z [144/158] [chromium] › tests/responsive.spec.mjs:100:5 › correction fits landscape viewport 667x375
responsive-contract	Run npm test	2026-09-06T17:51:14.7817962Z [145/158] [chromium] › tests/responsive.spec.mjs:100:5 › correction fits landscape viewport 844x390
responsive-contract	Run npm test	2026-09-06T17:51:14.8617008Z [146/158] [chromium] › tests/responsive.spec.mjs:111:3 › archive preserves desktop contract
responsive-contract	Run npm test	2026-09-06T17:51:15.0462953Z [147/158] [chromium] › tests/responsive.spec.mjs:111:3 › template preserves desktop contract
responsive-contract	Run npm test	2026-09-06T17:51:15.1562224Z [148/158] [chromium] › tests/responsive.spec.mjs:111:3 › live preserves desktop contract
responsive-contract	Run npm test	2026-09-06T17:51:15.3925584Z [149/158] [chromium] › tests/responsive.spec.mjs:111:3 › experiment preserves desktop contract
responsive-contract	Run npm test	2026-09-06T17:51:15.4925240Z [150/158] [chromium] › tests/responsive.spec.mjs:111:3 › correction preserves desktop contract
responsive-contract	Run npm test	2026-09-06T17:51:15.7381326Z [151/158] [chromium] › tests/responsive.spec.mjs:128:1 › print restores the complete experiment record
responsive-contract	Run npm test	2026-09-06T17:51:15.8190906Z [152/158] [chromium] › tests/visual.spec.mjs:9:1 › archive mobile composition
responsive-contract	Run npm test	2026-09-06T17:51:16.1565938Z [153/158] [chromium] › tests/visual.spec.mjs:14:1 › plate mobile identity composition
responsive-contract	Run npm test	2026-09-06T17:51:16.1619279Z [154/158] [chromium] › tests/visual.spec.mjs:19:1 › mobile artifact table discloses contained scrolling
responsive-contract	Run npm test	2026-09-06T17:51:16.4874939Z [155/158] [chromium] › tests/visual.spec.mjs:25:1 › plate desktop composition
responsive-contract	Run npm test	2026-09-06T17:51:16.5667432Z [156/158] [chromium] › tests/visual.spec.mjs:30:1 › mobile experiment diagrams retain readable evidence
responsive-contract	Run npm test	2026-09-06T17:51:16.9534643Z [157/158] [chromium] › tests/visual.spec.mjs:35:1 › correction diagram presents the changed boundary
responsive-contract	Run npm test	2026-09-06T17:51:16.9703144Z [158/158] [chromium] › tests/visual.spec.mjs:40:1 › template identity includes full provenance on mobile
responsive-contract	Run npm test	2026-09-06T17:51:17.5597320Z   2 skipped
responsive-contract	Run npm test	2026-09-06T17:51:17.5597678Z   156 passed (1.6m)
